<?xml version="1.0" encoding="ISO-8859-1" ?>
<link_info>
   <banner>TI ARM Linker PC v20.2.7.LTS</banner>
   <copyright>Copyright (c) 1996-2018 Texas Instruments Incorporated</copyright>
   <link_time>0x639b56ed</link_time>
   <link_errors>0x0</link_errors>
   <output_file>gpiointerrupt_CC3220S_LAUNCHXL_nortos_ccs.out</output_file>
   <entry_point>
      <name>resetISR</name>
      <address>0x20011e59</address>
   </entry_point>
   <input_file_list>
      <input_file id="fl-2">
         <path>.\</path>
         <kind>object</kind>
         <file>gpiointerrupt.obj</file>
         <name>gpiointerrupt.obj</name>
      </input_file>
      <input_file id="fl-3">
         <path>.\syscfg\</path>
         <kind>object</kind>
         <file>ti_drivers_config.obj</file>
         <name>ti_drivers_config.obj</name>
      </input_file>
      <input_file id="fl-4">
         <path>.\</path>
         <kind>object</kind>
         <file>main_nortos.obj</file>
         <name>main_nortos.obj</name>
      </input_file>
      <input_file id="fl-d">
         <kind>object</kind>
         <file>&lt;internal&gt;</file>
         <name>&lt;internal&gt;</name>
      </input_file>
      <input_file id="fl-e">
         <path>C:\ti\simplelink_cc32xx_sdk_6_10_00_05\source\ti\drivers\lib\ccs\m4\</path>
         <kind>archive</kind>
         <file>drivers_cc32xx.a</file>
         <name>GPIO.oem4</name>
      </input_file>
      <input_file id="fl-f">
         <path>C:\ti\simplelink_cc32xx_sdk_6_10_00_05\source\ti\drivers\lib\ccs\m4\</path>
         <kind>archive</kind>
         <file>drivers_cc32xx.a</file>
         <name>I2C.oem4</name>
      </input_file>
      <input_file id="fl-10">
         <path>C:\ti\simplelink_cc32xx_sdk_6_10_00_05\source\ti\drivers\lib\ccs\m4\</path>
         <kind>archive</kind>
         <file>drivers_cc32xx.a</file>
         <name>Timer.oem4</name>
      </input_file>
      <input_file id="fl-11">
         <path>C:\ti\simplelink_cc32xx_sdk_6_10_00_05\source\ti\drivers\lib\ccs\m4\</path>
         <kind>archive</kind>
         <file>drivers_cc32xx.a</file>
         <name>UART.oem4</name>
      </input_file>
      <input_file id="fl-12">
         <path>C:\ti\simplelink_cc32xx_sdk_6_10_00_05\source\ti\drivers\lib\ccs\m4\</path>
         <kind>archive</kind>
         <file>drivers_cc32xx.a</file>
         <name>GPIOCC32XX.oem4</name>
      </input_file>
      <input_file id="fl-13">
         <path>C:\ti\simplelink_cc32xx_sdk_6_10_00_05\source\ti\drivers\lib\ccs\m4\</path>
         <kind>archive</kind>
         <file>drivers_cc32xx.a</file>
         <name>I2CCC32XX.oem4</name>
      </input_file>
      <input_file id="fl-14">
         <path>C:\ti\simplelink_cc32xx_sdk_6_10_00_05\source\ti\drivers\lib\ccs\m4\</path>
         <kind>archive</kind>
         <file>drivers_cc32xx.a</file>
         <name>PowerCC32XX.oem4</name>
      </input_file>
      <input_file id="fl-15">
         <path>C:\ti\simplelink_cc32xx_sdk_6_10_00_05\source\ti\drivers\lib\ccs\m4\</path>
         <kind>archive</kind>
         <file>drivers_cc32xx.a</file>
         <name>PowerCC32XX_asm.oem4</name>
      </input_file>
      <input_file id="fl-16">
         <path>C:\ti\simplelink_cc32xx_sdk_6_10_00_05\source\ti\drivers\lib\ccs\m4\</path>
         <kind>archive</kind>
         <file>drivers_cc32xx.a</file>
         <name>TimerCC32XX.oem4</name>
      </input_file>
      <input_file id="fl-17">
         <path>C:\ti\simplelink_cc32xx_sdk_6_10_00_05\source\ti\drivers\lib\ccs\m4\</path>
         <kind>archive</kind>
         <file>drivers_cc32xx.a</file>
         <name>UARTCC32XX.oem4</name>
      </input_file>
      <input_file id="fl-18">
         <path>C:\ti\simplelink_cc32xx_sdk_6_10_00_05\source\ti\drivers\lib\ccs\m4\</path>
         <kind>archive</kind>
         <file>drivers_cc32xx.a</file>
         <name>List.oem4</name>
      </input_file>
      <input_file id="fl-19">
         <path>C:\ti\simplelink_cc32xx_sdk_6_10_00_05\source\ti\drivers\lib\ccs\m4\</path>
         <kind>archive</kind>
         <file>drivers_cc32xx.a</file>
         <name>RingBuf.oem4</name>
      </input_file>
      <input_file id="fl-1a">
         <path>C:\ti\simplelink_cc32xx_sdk_6_10_00_05\kernel\nortos\lib\ccs\m4\</path>
         <kind>archive</kind>
         <file>nortos_cc32xx.a</file>
         <name>NoRTOS.oem4</name>
      </input_file>
      <input_file id="fl-1b">
         <path>C:\ti\simplelink_cc32xx_sdk_6_10_00_05\kernel\nortos\lib\ccs\m4\</path>
         <kind>archive</kind>
         <file>nortos_cc32xx.a</file>
         <name>SemaphoreP_nortos.oem4</name>
      </input_file>
      <input_file id="fl-1c">
         <path>C:\ti\simplelink_cc32xx_sdk_6_10_00_05\kernel\nortos\lib\ccs\m4\</path>
         <kind>archive</kind>
         <file>nortos_cc32xx.a</file>
         <name>ClockPSysTick_nortos.oem4</name>
      </input_file>
      <input_file id="fl-1d">
         <path>C:\ti\simplelink_cc32xx_sdk_6_10_00_05\kernel\nortos\lib\ccs\m4\</path>
         <kind>archive</kind>
         <file>nortos_cc32xx.a</file>
         <name>HwiPCC32XX_nortos.oem4</name>
      </input_file>
      <input_file id="fl-1e">
         <path>C:\ti\simplelink_cc32xx_sdk_6_10_00_05\kernel\nortos\lib\ccs\m4\</path>
         <kind>archive</kind>
         <file>nortos_cc32xx.a</file>
         <name>PowerCC32XX_nortos.oem4</name>
      </input_file>
      <input_file id="fl-1f">
         <path>C:\ti\simplelink_cc32xx_sdk_6_10_00_05\kernel\nortos\lib\ccs\m4\</path>
         <kind>archive</kind>
         <file>nortos_cc32xx.a</file>
         <name>startup_cc32xx_ccs.oem4</name>
      </input_file>
      <input_file id="fl-20">
         <path>C:\ti\simplelink_cc32xx_sdk_6_10_00_05\kernel\nortos\lib\ccs\m4\</path>
         <kind>archive</kind>
         <file>nortos_cc32xx.a</file>
         <name>SwiP_nortos.oem4</name>
      </input_file>
      <input_file id="fl-21">
         <path>C:\ti\simplelink_cc32xx_sdk_6_10_00_05\kernel\nortos\lib\ccs\m4\</path>
         <kind>archive</kind>
         <file>nortos_cc32xx.a</file>
         <name>QueueP_nortos.oem4</name>
      </input_file>
      <input_file id="fl-22">
         <path>C:\ti\simplelink_cc32xx_sdk_6_10_00_05\source\ti\devices\cc32xx\driverlib\ccs\Release\</path>
         <kind>archive</kind>
         <file>driverlib.a</file>
         <name>cpu.obj</name>
      </input_file>
      <input_file id="fl-23">
         <path>C:\ti\simplelink_cc32xx_sdk_6_10_00_05\source\ti\devices\cc32xx\driverlib\ccs\Release\</path>
         <kind>archive</kind>
         <file>driverlib.a</file>
         <name>i2c.obj</name>
      </input_file>
      <input_file id="fl-24">
         <path>C:\ti\simplelink_cc32xx_sdk_6_10_00_05\source\ti\devices\cc32xx\driverlib\ccs\Release\</path>
         <kind>archive</kind>
         <file>driverlib.a</file>
         <name>interrupt.obj</name>
      </input_file>
      <input_file id="fl-25">
         <path>C:\ti\simplelink_cc32xx_sdk_6_10_00_05\source\ti\devices\cc32xx\driverlib\ccs\Release\</path>
         <kind>archive</kind>
         <file>driverlib.a</file>
         <name>pin.obj</name>
      </input_file>
      <input_file id="fl-26">
         <path>C:\ti\simplelink_cc32xx_sdk_6_10_00_05\source\ti\devices\cc32xx\driverlib\ccs\Release\</path>
         <kind>archive</kind>
         <file>driverlib.a</file>
         <name>prcm.obj</name>
      </input_file>
      <input_file id="fl-27">
         <path>C:\ti\simplelink_cc32xx_sdk_6_10_00_05\source\ti\devices\cc32xx\driverlib\ccs\Release\</path>
         <kind>archive</kind>
         <file>driverlib.a</file>
         <name>timer.obj</name>
      </input_file>
      <input_file id="fl-28">
         <path>C:\ti\simplelink_cc32xx_sdk_6_10_00_05\source\ti\devices\cc32xx\driverlib\ccs\Release\</path>
         <kind>archive</kind>
         <file>driverlib.a</file>
         <name>uart.obj</name>
      </input_file>
      <input_file id="fl-29">
         <path>C:\ti\simplelink_cc32xx_sdk_6_10_00_05\source\ti\devices\cc32xx\driverlib\ccs\Release\</path>
         <kind>archive</kind>
         <file>driverlib.a</file>
         <name>utils.obj</name>
      </input_file>
      <input_file id="fl-2a">
         <path>C:\ti\simplelink_cc32xx_sdk_6_10_00_05\source\ti\devices\cc32xx\driverlib\ccs\Release\</path>
         <kind>archive</kind>
         <file>driverlib.a</file>
         <name>flash.obj</name>
      </input_file>
      <input_file id="fl-e0">
         <path>C:\ti\ccs1210\ccs\tools\compiler\ti-cgt-arm_20.2.7.LTS\lib\</path>
         <kind>archive</kind>
         <file>rtsv7M4_T_le_eabi.lib</file>
         <name>snprintf.c.obj</name>
      </input_file>
      <input_file id="fl-e1">
         <path>C:\ti\ccs1210\ccs\tools\compiler\ti-cgt-arm_20.2.7.LTS\lib\</path>
         <kind>archive</kind>
         <file>rtsv7M4_T_le_eabi.lib</file>
         <name>fs_mul_t2.asm.obj</name>
      </input_file>
      <input_file id="fl-e2">
         <path>C:\ti\ccs1210\ccs\tools\compiler\ti-cgt-arm_20.2.7.LTS\lib\</path>
         <kind>archive</kind>
         <file>rtsv7M4_T_le_eabi.lib</file>
         <name>fs_toi_t2.asm.obj</name>
      </input_file>
      <input_file id="fl-e3">
         <path>C:\ti\ccs1210\ccs\tools\compiler\ti-cgt-arm_20.2.7.LTS\lib\</path>
         <kind>archive</kind>
         <file>rtsv7M4_T_le_eabi.lib</file>
         <name>i_tofs_t2.asm.obj</name>
      </input_file>
      <input_file id="fl-e4">
         <path>C:\ti\ccs1210\ccs\tools\compiler\ti-cgt-arm_20.2.7.LTS\lib\</path>
         <kind>archive</kind>
         <file>rtsv7M4_T_le_eabi.lib</file>
         <name>ll_mul_t2.asm.obj</name>
      </input_file>
      <input_file id="fl-e5">
         <path>C:\ti\ccs1210\ccs\tools\compiler\ti-cgt-arm_20.2.7.LTS\lib\</path>
         <kind>archive</kind>
         <file>rtsv7M4_T_le_eabi.lib</file>
         <name>memcpy_t2.asm.obj</name>
      </input_file>
      <input_file id="fl-e6">
         <path>C:\ti\ccs1210\ccs\tools\compiler\ti-cgt-arm_20.2.7.LTS\lib\</path>
         <kind>archive</kind>
         <file>rtsv7M4_T_le_eabi.lib</file>
         <name>ull_div_t2.asm.obj</name>
      </input_file>
      <input_file id="fl-e7">
         <path>C:\ti\ccs1210\ccs\tools\compiler\ti-cgt-arm_20.2.7.LTS\lib\</path>
         <kind>archive</kind>
         <file>rtsv7M4_T_le_eabi.lib</file>
         <name>copy_zero_init.c.obj</name>
      </input_file>
      <input_file id="fl-e8">
         <path>C:\ti\ccs1210\ccs\tools\compiler\ti-cgt-arm_20.2.7.LTS\lib\</path>
         <kind>archive</kind>
         <file>rtsv7M4_T_le_eabi.lib</file>
         <name>copy_decompress_none.c.obj</name>
      </input_file>
      <input_file id="fl-e9">
         <path>C:\ti\ccs1210\ccs\tools\compiler\ti-cgt-arm_20.2.7.LTS\lib\</path>
         <kind>archive</kind>
         <file>rtsv7M4_T_le_eabi.lib</file>
         <name>copy_decompress_lzss.c.obj</name>
      </input_file>
      <input_file id="fl-ea">
         <path>C:\ti\ccs1210\ccs\tools\compiler\ti-cgt-arm_20.2.7.LTS\lib\</path>
         <kind>archive</kind>
         <file>rtsv7M4_T_le_eabi.lib</file>
         <name>memory.c.obj</name>
      </input_file>
      <input_file id="fl-eb">
         <path>C:\ti\ccs1210\ccs\tools\compiler\ti-cgt-arm_20.2.7.LTS\lib\</path>
         <kind>archive</kind>
         <file>rtsv7M4_T_le_eabi.lib</file>
         <name>boot_cortex_m.c.obj</name>
      </input_file>
      <input_file id="fl-ec">
         <path>C:\ti\ccs1210\ccs\tools\compiler\ti-cgt-arm_20.2.7.LTS\lib\</path>
         <kind>archive</kind>
         <file>rtsv7M4_T_le_eabi.lib</file>
         <name>_printfi.c.obj</name>
      </input_file>
      <input_file id="fl-ed">
         <path>C:\ti\ccs1210\ccs\tools\compiler\ti-cgt-arm_20.2.7.LTS\lib\</path>
         <kind>archive</kind>
         <file>rtsv7M4_T_le_eabi.lib</file>
         <name>div0.asm.obj</name>
      </input_file>
      <input_file id="fl-ee">
         <path>C:\ti\ccs1210\ccs\tools\compiler\ti-cgt-arm_20.2.7.LTS\lib\</path>
         <kind>archive</kind>
         <file>rtsv7M4_T_le_eabi.lib</file>
         <name>fd_add_t2.asm.obj</name>
      </input_file>
      <input_file id="fl-ef">
         <path>C:\ti\ccs1210\ccs\tools\compiler\ti-cgt-arm_20.2.7.LTS\lib\</path>
         <kind>archive</kind>
         <file>rtsv7M4_T_le_eabi.lib</file>
         <name>fd_cmp_t2.asm.obj</name>
      </input_file>
      <input_file id="fl-f0">
         <path>C:\ti\ccs1210\ccs\tools\compiler\ti-cgt-arm_20.2.7.LTS\lib\</path>
         <kind>archive</kind>
         <file>rtsv7M4_T_le_eabi.lib</file>
         <name>fd_div_t2.asm.obj</name>
      </input_file>
      <input_file id="fl-f1">
         <path>C:\ti\ccs1210\ccs\tools\compiler\ti-cgt-arm_20.2.7.LTS\lib\</path>
         <kind>archive</kind>
         <file>rtsv7M4_T_le_eabi.lib</file>
         <name>fd_mul_t2.asm.obj</name>
      </input_file>
      <input_file id="fl-f2">
         <path>C:\ti\ccs1210\ccs\tools\compiler\ti-cgt-arm_20.2.7.LTS\lib\</path>
         <kind>archive</kind>
         <file>rtsv7M4_T_le_eabi.lib</file>
         <name>fd_toi_t2.asm.obj</name>
      </input_file>
      <input_file id="fl-f3">
         <path>C:\ti\ccs1210\ccs\tools\compiler\ti-cgt-arm_20.2.7.LTS\lib\</path>
         <kind>archive</kind>
         <file>rtsv7M4_T_le_eabi.lib</file>
         <name>i_tofd_t2.asm.obj</name>
      </input_file>
      <input_file id="fl-f4">
         <path>C:\ti\ccs1210\ccs\tools\compiler\ti-cgt-arm_20.2.7.LTS\lib\</path>
         <kind>archive</kind>
         <file>rtsv7M4_T_le_eabi.lib</file>
         <name>memset_t2.asm.obj</name>
      </input_file>
      <input_file id="fl-f5">
         <path>C:\ti\ccs1210\ccs\tools\compiler\ti-cgt-arm_20.2.7.LTS\lib\</path>
         <kind>archive</kind>
         <file>rtsv7M4_T_le_eabi.lib</file>
         <name>autoinit.c.obj</name>
      </input_file>
      <input_file id="fl-f6">
         <path>C:\ti\ccs1210\ccs\tools\compiler\ti-cgt-arm_20.2.7.LTS\lib\</path>
         <kind>archive</kind>
         <file>rtsv7M4_T_le_eabi.lib</file>
         <name>pre_init.c.obj</name>
      </input_file>
      <input_file id="fl-f7">
         <path>C:\ti\ccs1210\ccs\tools\compiler\ti-cgt-arm_20.2.7.LTS\lib\</path>
         <kind>archive</kind>
         <file>rtsv7M4_T_le_eabi.lib</file>
         <name>cpy_tbl.c.obj</name>
      </input_file>
      <input_file id="fl-f8">
         <path>C:\ti\ccs1210\ccs\tools\compiler\ti-cgt-arm_20.2.7.LTS\lib\</path>
         <kind>archive</kind>
         <file>rtsv7M4_T_le_eabi.lib</file>
         <name>exit.c.obj</name>
      </input_file>
      <input_file id="fl-f9">
         <path>C:\ti\ccs1210\ccs\tools\compiler\ti-cgt-arm_20.2.7.LTS\lib\</path>
         <kind>archive</kind>
         <file>rtsv7M4_T_le_eabi.lib</file>
         <name>_lock.c.obj</name>
      </input_file>
      <input_file id="fl-fa">
         <path>C:\ti\ccs1210\ccs\tools\compiler\ti-cgt-arm_20.2.7.LTS\lib\</path>
         <kind>archive</kind>
         <file>rtsv7M4_T_le_eabi.lib</file>
         <name>_ltoa.c.obj</name>
      </input_file>
      <input_file id="fl-fb">
         <path>C:\ti\ccs1210\ccs\tools\compiler\ti-cgt-arm_20.2.7.LTS\lib\</path>
         <kind>archive</kind>
         <file>rtsv7M4_T_le_eabi.lib</file>
         <name>args_main.c.obj</name>
      </input_file>
      <input_file id="fl-fc">
         <path>C:\ti\ccs1210\ccs\tools\compiler\ti-cgt-arm_20.2.7.LTS\lib\</path>
         <kind>archive</kind>
         <file>rtsv7M4_T_le_eabi.lib</file>
         <name>atoi.c.obj</name>
      </input_file>
      <input_file id="fl-fd">
         <path>C:\ti\ccs1210\ccs\tools\compiler\ti-cgt-arm_20.2.7.LTS\lib\</path>
         <kind>archive</kind>
         <file>rtsv7M4_T_le_eabi.lib</file>
         <name>ctype.c.obj</name>
      </input_file>
      <input_file id="fl-fe">
         <path>C:\ti\ccs1210\ccs\tools\compiler\ti-cgt-arm_20.2.7.LTS\lib\</path>
         <kind>archive</kind>
         <file>rtsv7M4_T_le_eabi.lib</file>
         <name>memccpy.c.obj</name>
      </input_file>
      <input_file id="fl-ff">
         <path>C:\ti\ccs1210\ccs\tools\compiler\ti-cgt-arm_20.2.7.LTS\lib\</path>
         <kind>archive</kind>
         <file>rtsv7M4_T_le_eabi.lib</file>
         <name>strchr.c.obj</name>
      </input_file>
      <input_file id="fl-100">
         <path>C:\ti\ccs1210\ccs\tools\compiler\ti-cgt-arm_20.2.7.LTS\lib\</path>
         <kind>archive</kind>
         <file>rtsv7M4_T_le_eabi.lib</file>
         <name>strlen.c.obj</name>
      </input_file>
      <input_file id="fl-101">
         <path>C:\ti\ccs1210\ccs\tools\compiler\ti-cgt-arm_20.2.7.LTS\lib\</path>
         <kind>archive</kind>
         <file>rtsv7M4_T_le_eabi.lib</file>
         <name>errno.c.obj</name>
      </input_file>
      <input_file id="fl-102">
         <path>C:\ti\ccs1210\ccs\tools\compiler\ti-cgt-arm_20.2.7.LTS\lib\</path>
         <kind>archive</kind>
         <file>rtsv7M4_T_le_eabi.lib</file>
         <name>wcslen.c.obj</name>
      </input_file>
      <input_file id="fl-103">
         <path>C:\ti\ccs1210\ccs\tools\compiler\ti-cgt-arm_20.2.7.LTS\lib\</path>
         <kind>archive</kind>
         <file>rtsv7M4_T_le_eabi.lib</file>
         <name>s_frexp.c.obj</name>
      </input_file>
      <input_file id="fl-104">
         <path>C:\ti\ccs1210\ccs\tools\compiler\ti-cgt-arm_20.2.7.LTS\lib\</path>
         <kind>archive</kind>
         <file>rtsv7M4_T_le_eabi.lib</file>
         <name>s_scalbn.c.obj</name>
      </input_file>
      <input_file id="fl-105">
         <path>C:\ti\ccs1210\ccs\tools\compiler\ti-cgt-arm_20.2.7.LTS\lib\</path>
         <kind>archive</kind>
         <file>rtsv7M4_T_le_eabi.lib</file>
         <name>s_copysign.c.obj</name>
      </input_file>
   </input_file_list>
   <object_component_list>
      <object_component id="oc-469">
         <name>.text:__TI_printfi</name>
         <load_address>0x2000c040</load_address>
         <run_address>0x2000c040</run_address>
         <size>0xa4e</size>
         <input_file_ref idref="fl-ec"/>
      </object_component>
      <object_component id="oc-1ee">
         <name>.text:Board_initHook</name>
         <load_address>0x2000ca8e</load_address>
         <run_address>0x2000ca8e</run_address>
         <size>0x2</size>
         <input_file_ref idref="fl-3"/>
      </object_component>
      <object_component id="oc-1dc">
         <name>.text:PRCMCC3200MCUInit</name>
         <load_address>0x2000ca90</load_address>
         <run_address>0x2000ca90</run_address>
         <size>0x42c</size>
         <input_file_ref idref="fl-26"/>
      </object_component>
      <object_component id="oc-7c4">
         <name>.text:UARTCC32XX_open</name>
         <load_address>0x2000cebc</load_address>
         <run_address>0x2000cebc</run_address>
         <size>0x288</size>
         <input_file_ref idref="fl-17"/>
      </object_component>
      <object_component id="oc-622">
         <name>.text:_pconv_a</name>
         <load_address>0x2000d144</load_address>
         <run_address>0x2000d144</run_address>
         <size>0x268</size>
         <input_file_ref idref="fl-ec"/>
      </object_component>
      <object_component id="oc-610">
         <name>.text:_pconv_g</name>
         <load_address>0x2000d3ac</load_address>
         <run_address>0x2000d3ac</run_address>
         <size>0x1cc</size>
         <input_file_ref idref="fl-ec"/>
      </object_component>
      <object_component id="oc-1fc">
         <name>.text:initI2C</name>
         <load_address>0x2000d578</load_address>
         <run_address>0x2000d578</run_address>
         <size>0x1c8</size>
         <input_file_ref idref="fl-2"/>
      </object_component>
      <object_component id="oc-81e">
         <name>.text</name>
         <load_address>0x2000d740</load_address>
         <run_address>0x2000d740</run_address>
         <size>0x1b6</size>
         <input_file_ref idref="fl-ee"/>
      </object_component>
      <object_component id="oc-334">
         <name>.text:I2C_init</name>
         <load_address>0x2000d8f6</load_address>
         <run_address>0x2000d8f6</run_address>
         <size>0x2</size>
         <input_file_ref idref="fl-f"/>
      </object_component>
      <object_component id="oc-3e9">
         <name>.text:PowerCC32XX_sleepPolicy</name>
         <load_address>0x2000d8f8</load_address>
         <run_address>0x2000d8f8</run_address>
         <size>0x1a0</size>
         <input_file_ref idref="fl-1e"/>
      </object_component>
      <object_component id="oc-208">
         <name>.text:GPIO_setConfig</name>
         <load_address>0x2000da98</load_address>
         <run_address>0x2000da98</run_address>
         <size>0x154</size>
         <input_file_ref idref="fl-12"/>
      </object_component>
      <object_component id="oc-4b6">
         <name>.text:I2CCC32XX_hwiFxn</name>
         <load_address>0x2000dbec</load_address>
         <run_address>0x2000dbec</run_address>
         <size>0x148</size>
         <input_file_ref idref="fl-13"/>
      </object_component>
      <object_component id="oc-764">
         <name>.text:parkPins</name>
         <load_address>0x2000dd34</load_address>
         <run_address>0x2000dd34</run_address>
         <size>0x148</size>
         <input_file_ref idref="fl-14"/>
      </object_component>
      <object_component id="oc-61c">
         <name>.text:_pconv_e</name>
         <load_address>0x2000de7c</load_address>
         <run_address>0x2000de7c</run_address>
         <size>0x13c</size>
         <input_file_ref idref="fl-ec"/>
      </object_component>
      <object_component id="oc-587">
         <name>.text:Power_sleep</name>
         <load_address>0x2000dfb8</load_address>
         <run_address>0x2000dfb8</run_address>
         <size>0x138</size>
         <input_file_ref idref="fl-14"/>
      </object_component>
      <object_component id="oc-35c">
         <name>.text:Timer_open</name>
         <load_address>0x2000e0f0</load_address>
         <run_address>0x2000e0f0</run_address>
         <size>0x138</size>
         <input_file_ref idref="fl-16"/>
      </object_component>
      <object_component id="oc-804">
         <name>.text</name>
         <load_address>0x2000e228</load_address>
         <run_address>0x2000e228</run_address>
         <size>0x136</size>
         <input_file_ref idref="fl-f0"/>
      </object_component>
      <object_component id="oc-4c4">
         <name>.text:I2C_transferTimeout</name>
         <load_address>0x2000e35e</load_address>
         <run_address>0x2000e35e</run_address>
         <size>0x122</size>
         <input_file_ref idref="fl-f"/>
      </object_component>
      <object_component id="oc-7b2">
         <name>.text:UARTCC32XX_close</name>
         <load_address>0x2000e480</load_address>
         <run_address>0x2000e480</run_address>
         <size>0x120</size>
         <input_file_ref idref="fl-17"/>
      </object_component>
      <object_component id="oc-830">
         <name>.text:fcvt</name>
         <load_address>0x2000e5a0</load_address>
         <run_address>0x2000e5a0</run_address>
         <size>0x120</size>
         <input_file_ref idref="fl-ec"/>
      </object_component>
      <object_component id="oc-736">
         <name>.text:aligned_alloc</name>
         <load_address>0x2000e6c0</load_address>
         <run_address>0x2000e6c0</run_address>
         <size>0x100</size>
         <input_file_ref idref="fl-ea"/>
      </object_component>
      <object_component id="oc-340">
         <name>.text:I2C_open</name>
         <load_address>0x2000e7c0</load_address>
         <run_address>0x2000e7c0</run_address>
         <size>0xfc</size>
         <input_file_ref idref="fl-13"/>
      </object_component>
      <object_component id="oc-7ff">
         <name>.text</name>
         <load_address>0x2000e8bc</load_address>
         <run_address>0x2000e8bc</run_address>
         <size>0xfc</size>
         <input_file_ref idref="fl-f1"/>
      </object_component>
      <object_component id="oc-7b8">
         <name>.text:UARTCC32XX_control</name>
         <load_address>0x2000e9b8</load_address>
         <run_address>0x2000e9b8</run_address>
         <size>0xf2</size>
         <input_file_ref idref="fl-17"/>
      </object_component>
      <object_component id="oc-3e3">
         <name>.text:PowerCC32XX_initPolicy</name>
         <load_address>0x2000eaaa</load_address>
         <run_address>0x2000eaaa</run_address>
         <size>0x2</size>
         <input_file_ref idref="fl-1e"/>
      </object_component>
      <object_component id="oc-3a0">
         <name>.text:readTemp</name>
         <load_address>0x2000eaac</load_address>
         <run_address>0x2000eaac</run_address>
         <size>0xec</size>
         <input_file_ref idref="fl-2"/>
      </object_component>
      <object_component id="oc-405">
         <name>.text:free</name>
         <load_address>0x2000eb98</load_address>
         <run_address>0x2000eb98</run_address>
         <size>0xe4</size>
         <input_file_ref idref="fl-ea"/>
      </object_component>
      <object_component id="oc-844">
         <name>.text:scalbn</name>
         <load_address>0x2000ec7c</load_address>
         <run_address>0x2000ec7c</run_address>
         <size>0xd0</size>
         <input_file_ref idref="fl-104"/>
      </object_component>
      <object_component id="oc-7dc">
         <name>.text:UARTCC32XX_write</name>
         <load_address>0x2000ed4c</load_address>
         <run_address>0x2000ed4c</run_address>
         <size>0xca</size>
         <input_file_ref idref="fl-17"/>
      </object_component>
      <object_component id="oc-6ea">
         <name>.text:SemaphoreP_destruct</name>
         <load_address>0x2000ee16</load_address>
         <run_address>0x2000ee16</run_address>
         <size>0x2</size>
         <input_file_ref idref="fl-1b"/>
      </object_component>
      <object_component id="oc-166">
         <name>.text:mainThread</name>
         <load_address>0x2000ee18</load_address>
         <run_address>0x2000ee18</run_address>
         <size>0xc8</size>
         <input_file_ref idref="fl-2"/>
      </object_component>
      <object_component id="oc-781">
         <name>.text:restoreParkedPins</name>
         <load_address>0x2000eee0</load_address>
         <run_address>0x2000eee0</run_address>
         <size>0xc0</size>
         <input_file_ref idref="fl-14"/>
      </object_component>
      <object_component id="oc-7d0">
         <name>.text:UARTCC32XX_readPolling</name>
         <load_address>0x2000efa0</load_address>
         <run_address>0x2000efa0</run_address>
         <size>0xba</size>
         <input_file_ref idref="fl-17"/>
      </object_component>
      <object_component id="oc-350">
         <name>.text:Timer_init</name>
         <load_address>0x2000f05a</load_address>
         <run_address>0x2000f05a</run_address>
         <size>0x2</size>
         <input_file_ref idref="fl-10"/>
      </object_component>
      <object_component id="oc-983">
         <name>.text:initHw</name>
         <load_address>0x2000f05c</load_address>
         <run_address>0x2000f05c</run_address>
         <size>0xb8</size>
         <input_file_ref idref="fl-17"/>
      </object_component>
      <object_component id="oc-a53">
         <name>.text:readTaskCallback</name>
         <load_address>0x2000f114</load_address>
         <run_address>0x2000f114</run_address>
         <size>0xb6</size>
         <input_file_ref idref="fl-17"/>
      </object_component>
      <object_component id="oc-695">
         <name>.text:I2CCC32XX_completeTransfer</name>
         <load_address>0x2000f1ca</load_address>
         <run_address>0x2000f1ca</run_address>
         <size>0xb2</size>
         <input_file_ref idref="fl-13"/>
      </object_component>
      <object_component id="oc-605">
         <name>.text:_ltostr</name>
         <load_address>0x2000f27c</load_address>
         <run_address>0x2000f27c</run_address>
         <size>0xb1</size>
         <input_file_ref idref="fl-ec"/>
      </object_component>
      <object_component id="oc-a41">
         <name>.text:readTaskBlocking</name>
         <load_address>0x2000f32e</load_address>
         <run_address>0x2000f32e</run_address>
         <size>0xb0</size>
         <input_file_ref idref="fl-17"/>
      </object_component>
      <object_component id="oc-a47">
         <name>.text:readIsrTextBlocking</name>
         <load_address>0x2000f3de</load_address>
         <run_address>0x2000f3de</run_address>
         <size>0xae</size>
         <input_file_ref idref="fl-17"/>
      </object_component>
      <object_component id="oc-683">
         <name>.text:I2CCC32XX_primeWriteBurst</name>
         <load_address>0x2000f48c</load_address>
         <run_address>0x2000f48c</run_address>
         <size>0xa8</size>
         <input_file_ref idref="fl-13"/>
      </object_component>
      <object_component id="oc-b5">
         <name>.text:IntEnable</name>
         <load_address>0x2000f534</load_address>
         <run_address>0x2000f534</run_address>
         <size>0xa8</size>
         <input_file_ref idref="fl-24"/>
      </object_component>
      <object_component id="oc-2c9">
         <name>.text:PowerCC32XX_configureWakeup</name>
         <load_address>0x2000f5dc</load_address>
         <run_address>0x2000f5dc</run_address>
         <size>0xa8</size>
         <input_file_ref idref="fl-14"/>
      </object_component>
      <object_component id="oc-a59">
         <name>.text:readIsrTextCallback</name>
         <load_address>0x2000f684</load_address>
         <run_address>0x2000f684</run_address>
         <size>0xa2</size>
         <input_file_ref idref="fl-17"/>
      </object_component>
      <object_component id="oc-9ba">
         <name>.text:writeData</name>
         <load_address>0x2000f726</load_address>
         <run_address>0x2000f726</run_address>
         <size>0xa2</size>
         <input_file_ref idref="fl-17"/>
      </object_component>
      <object_component id="oc-2ee">
         <name>.text:SemaphoreP_pend</name>
         <load_address>0x2000f7c8</load_address>
         <run_address>0x2000f7c8</run_address>
         <size>0xa0</size>
         <input_file_ref idref="fl-1b"/>
      </object_component>
      <object_component id="oc-4a4">
         <name>.text:I2CCC32XX_initHw</name>
         <load_address>0x2000f868</load_address>
         <run_address>0x2000f868</run_address>
         <size>0x9c</size>
         <input_file_ref idref="fl-13"/>
      </object_component>
      <object_component id="oc-3b">
         <name>.text</name>
         <load_address>0x2000f904</load_address>
         <run_address>0x2000f904</run_address>
         <size>0x9c</size>
         <input_file_ref idref="fl-e5"/>
      </object_component>
      <object_component id="oc-582">
         <name>.text</name>
         <load_address>0x2000f9a0</load_address>
         <run_address>0x2000f9a0</run_address>
         <size>0x96</size>
         <input_file_ref idref="fl-e6"/>
      </object_component>
      <object_component id="oc-7be">
         <name>.text:UARTCC32XX_init</name>
         <load_address>0x2000fa36</load_address>
         <run_address>0x2000fa36</run_address>
         <size>0x2</size>
         <input_file_ref idref="fl-17"/>
      </object_component>
      <object_component id="oc-1e8">
         <name>.text:GPIO_init</name>
         <load_address>0x2000fa38</load_address>
         <run_address>0x2000fa38</run_address>
         <size>0x90</size>
         <input_file_ref idref="fl-12"/>
      </object_component>
      <object_component id="oc-775">
         <name>.text:restoreNVICRegs</name>
         <load_address>0x2000fac8</load_address>
         <run_address>0x2000fac8</run_address>
         <size>0x90</size>
         <input_file_ref idref="fl-14"/>
      </object_component>
      <object_component id="oc-498">
         <name>.text:HwiP_construct</name>
         <load_address>0x2000fb58</load_address>
         <run_address>0x2000fb58</run_address>
         <size>0x8c</size>
         <input_file_ref idref="fl-1d"/>
      </object_component>
      <object_component id="oc-93e">
         <name>.text:IntPendSet</name>
         <load_address>0x2000fbe4</load_address>
         <run_address>0x2000fbe4</run_address>
         <size>0x88</size>
         <input_file_ref idref="fl-24"/>
      </object_component>
      <object_component id="oc-36f">
         <name>.text:PinConfigSet</name>
         <load_address>0x2000fc6c</load_address>
         <run_address>0x2000fc6c</run_address>
         <size>0x88</size>
         <input_file_ref idref="fl-25"/>
      </object_component>
      <object_component id="oc-60b">
         <name>.text:__aeabi_cdcmple</name>
         <load_address>0x2000fcf4</load_address>
         <run_address>0x2000fcf4</run_address>
         <size>0x86</size>
         <input_file_ref idref="fl-ef"/>
      </object_component>
      <object_component id="oc-809">
         <name>.text:__aeabi_cdrcmple</name>
         <load_address>0x2000fd7a</load_address>
         <run_address>0x2000fd7a</run_address>
         <size>0x86</size>
         <input_file_ref idref="fl-ef"/>
      </object_component>
      <object_component id="oc-1e2">
         <name>.text:Power_init</name>
         <load_address>0x2000fe00</load_address>
         <run_address>0x2000fe00</run_address>
         <size>0x84</size>
         <input_file_ref idref="fl-14"/>
      </object_component>
      <object_component id="oc-76a">
         <name>.text:saveNVICRegs</name>
         <load_address>0x2000fe84</load_address>
         <run_address>0x2000fe84</run_address>
         <size>0x84</size>
         <input_file_ref idref="fl-14"/>
      </object_component>
      <object_component id="oc-20e">
         <name>.text:GPIO_write</name>
         <load_address>0x2000ff08</load_address>
         <run_address>0x2000ff08</run_address>
         <size>0x80</size>
         <input_file_ref idref="fl-12"/>
      </object_component>
      <object_component id="oc-375">
         <name>.text:Power_setDependency</name>
         <load_address>0x2000ff88</load_address>
         <run_address>0x2000ff88</run_address>
         <size>0x80</size>
         <input_file_ref idref="fl-14"/>
      </object_component>
      <object_component id="oc-a3b">
         <name>.text:readIsrBinaryBlocking</name>
         <load_address>0x20010008</load_address>
         <run_address>0x20010008</run_address>
         <size>0x7c</size>
         <input_file_ref idref="fl-17"/>
      </object_component>
      <object_component id="oc-67d">
         <name>.text:I2CCC32XX_primeReadBurst</name>
         <load_address>0x20010084</load_address>
         <run_address>0x20010084</run_address>
         <size>0x7a</size>
         <input_file_ref idref="fl-13"/>
      </object_component>
      <object_component id="oc-530">
         <name>.text</name>
         <load_address>0x200100fe</load_address>
         <run_address>0x200100fe</run_address>
         <size>0x7a</size>
         <input_file_ref idref="fl-e1"/>
      </object_component>
      <object_component id="oc-9d">
         <name>.text</name>
         <load_address>0x20010178</load_address>
         <run_address>0x20010178</run_address>
         <size>0x7a</size>
         <input_file_ref idref="fl-f4"/>
      </object_component>
      <object_component id="oc-a4d">
         <name>.text:readIsrBinaryCallback</name>
         <load_address>0x200101f2</load_address>
         <run_address>0x200101f2</run_address>
         <size>0x78</size>
         <input_file_ref idref="fl-17"/>
      </object_component>
      <object_component id="oc-992">
         <name>.text:UARTCC32XX_hwiIntFxn</name>
         <load_address>0x2001026a</load_address>
         <run_address>0x2001026a</run_address>
         <size>0x74</size>
         <input_file_ref idref="fl-17"/>
      </object_component>
      <object_component id="oc-3b0">
         <name>.text:_nop</name>
         <load_address>0x200102de</load_address>
         <run_address>0x200102de</run_address>
         <size>0x2</size>
         <input_file_ref idref="fl-f9"/>
      </object_component>
      <object_component id="oc-30d">
         <name>.text:powerNotifyFxn</name>
         <load_address>0x200102e0</load_address>
         <run_address>0x200102e0</run_address>
         <size>0x74</size>
         <input_file_ref idref="fl-12"/>
      </object_component>
      <object_component id="oc-8eb">
         <name>.text:split</name>
         <load_address>0x20010354</load_address>
         <run_address>0x20010354</run_address>
         <size>0x70</size>
         <input_file_ref idref="fl-ea"/>
      </object_component>
      <object_component id="oc-829">
         <name>.text:_mcpy</name>
         <load_address>0x200103c4</load_address>
         <run_address>0x200103c4</run_address>
         <size>0x6e</size>
         <input_file_ref idref="fl-ec"/>
      </object_component>
      <object_component id="oc-6b0">
         <name>.text:I2CSupport_primeTransfer</name>
         <load_address>0x20010432</load_address>
         <run_address>0x20010432</run_address>
         <size>0x6a</size>
         <input_file_ref idref="fl-13"/>
      </object_component>
      <object_component id="oc-14">
         <name>.text:decompress:lzss:__TI_decompress_lzss</name>
         <load_address>0x2001049c</load_address>
         <run_address>0x2001049c</run_address>
         <size>0x68</size>
         <input_file_ref idref="fl-e9"/>
      </object_component>
      <object_component id="oc-7e8">
         <name>.text:UARTCC32XX_writeCancel</name>
         <load_address>0x20010504</load_address>
         <run_address>0x20010504</run_address>
         <size>0x66</size>
         <input_file_ref idref="fl-17"/>
      </object_component>
      <object_component id="oc-73">
         <name>.text:busFaultHandler</name>
         <load_address>0x2001056a</load_address>
         <run_address>0x2001056a</run_address>
         <size>0x2</size>
         <input_file_ref idref="fl-1f"/>
      </object_component>
      <object_component id="oc-387">
         <name>.text:GPIO_setInterruptConfig</name>
         <load_address>0x2001056c</load_address>
         <run_address>0x2001056c</run_address>
         <size>0x64</size>
         <input_file_ref idref="fl-12"/>
      </object_component>
      <object_component id="oc-455">
         <name>.text:PowerCC32XX_setParkState</name>
         <load_address>0x200105d0</load_address>
         <run_address>0x200105d0</run_address>
         <size>0x64</size>
         <input_file_ref idref="fl-14"/>
      </object_component>
      <object_component id="oc-7e2">
         <name>.text:UARTCC32XX_writePolling</name>
         <load_address>0x20010634</load_address>
         <run_address>0x20010634</run_address>
         <size>0x62</size>
         <input_file_ref idref="fl-17"/>
      </object_component>
      <object_component id="oc-42a">
         <name>.text:clkFxn</name>
         <load_address>0x20010696</load_address>
         <run_address>0x20010696</run_address>
         <size>0x2</size>
         <input_file_ref idref="fl-1b"/>
      </object_component>
      <object_component id="oc-390">
         <name>.text:GPIO_hwiIntFxn</name>
         <load_address>0x20010698</load_address>
         <run_address>0x20010698</run_address>
         <size>0x60</size>
         <input_file_ref idref="fl-12"/>
      </object_component>
      <object_component id="oc-297">
         <name>.text:PRCMSysResetCauseGet</name>
         <load_address>0x200106f8</load_address>
         <run_address>0x200106f8</run_address>
         <size>0x60</size>
         <input_file_ref idref="fl-26"/>
      </object_component>
      <object_component id="oc-232">
         <name>.text:TickFct_Print</name>
         <load_address>0x20010758</load_address>
         <run_address>0x20010758</run_address>
         <size>0x5c</size>
         <input_file_ref idref="fl-2"/>
      </object_component>
      <object_component id="oc-83e">
         <name>.text:frexp</name>
         <load_address>0x200107b4</load_address>
         <run_address>0x200107b4</run_address>
         <size>0x5c</size>
         <input_file_ref idref="fl-103"/>
      </object_component>
      <object_component id="oc-8fe">
         <name>.text:sysTickInit</name>
         <load_address>0x20010810</load_address>
         <run_address>0x20010810</run_address>
         <size>0x5c</size>
         <input_file_ref idref="fl-1c"/>
      </object_component>
      <object_component id="oc-2b0">
         <name>.text:PRCMPeripheralReset</name>
         <load_address>0x2001086c</load_address>
         <run_address>0x2001086c</run_address>
         <size>0x58</size>
         <input_file_ref idref="fl-26"/>
      </object_component>
      <object_component id="oc-8da">
         <name>.text:Power_releaseDependency</name>
         <load_address>0x200108c4</load_address>
         <run_address>0x200108c4</run_address>
         <size>0x58</size>
         <input_file_ref idref="fl-14"/>
      </object_component>
      <object_component id="oc-22c">
         <name>.text:TickFct_ReadTemp</name>
         <load_address>0x2001091c</load_address>
         <run_address>0x2001091c</run_address>
         <size>0x58</size>
         <input_file_ref idref="fl-2"/>
      </object_component>
      <object_component id="oc-616">
         <name>.text:_pconv_f</name>
         <load_address>0x20010974</load_address>
         <run_address>0x20010974</run_address>
         <size>0x56</size>
         <input_file_ref idref="fl-ec"/>
      </object_component>
      <object_component id="oc-813">
         <name>.text:__TI_ltoa</name>
         <load_address>0x200109ca</load_address>
         <run_address>0x200109ca</run_address>
         <size>0x54</size>
         <input_file_ref idref="fl-fa"/>
      </object_component>
      <object_component id="oc-aa6">
         <name>.text:ringBufGet</name>
         <load_address>0x20010a1e</load_address>
         <run_address>0x20010a1e</run_address>
         <size>0x54</size>
         <input_file_ref idref="fl-17"/>
      </object_component>
      <object_component id="oc-91b">
         <name>.text:PowerCC32XX_resumeLPDS</name>
         <load_address>0x20010a72</load_address>
         <run_address>0x20010a72</run_address>
         <size>0x52</size>
         <input_file_ref idref="fl-15"/>
      </object_component>
      <object_component id="oc-823">
         <name>.text:_ecpy</name>
         <load_address>0x20010ac4</load_address>
         <run_address>0x20010ac4</run_address>
         <size>0x52</size>
         <input_file_ref idref="fl-ec"/>
      </object_component>
      <object_component id="oc-4ec">
         <name>.text:initHw</name>
         <load_address>0x20010b16</load_address>
         <run_address>0x20010b16</run_address>
         <size>0x52</size>
         <input_file_ref idref="fl-16"/>
      </object_component>
      <object_component id="oc-79">
         <name>.text:ClockP_sysTickHandler</name>
         <load_address>0x20010b68</load_address>
         <run_address>0x20010b68</run_address>
         <size>0x50</size>
         <input_file_ref idref="fl-1c"/>
      </object_component>
      <object_component id="oc-5ae">
         <name>.text:SemaphoreP_construct</name>
         <load_address>0x20010bb8</load_address>
         <run_address>0x20010bb8</run_address>
         <size>0x50</size>
         <input_file_ref idref="fl-1b"/>
      </object_component>
      <object_component id="oc-4d4">
         <name>.text:TimerCC32XX_allocateTimerResource</name>
         <load_address>0x20010c08</load_address>
         <run_address>0x20010c08</run_address>
         <size>0x50</size>
         <input_file_ref idref="fl-16"/>
      </object_component>
      <object_component id="oc-671">
         <name>.text:I2CCC32XX_readRecieveFifo</name>
         <load_address>0x20010c58</load_address>
         <run_address>0x20010c58</run_address>
         <size>0x4c</size>
         <input_file_ref idref="fl-13"/>
      </object_component>
      <object_component id="oc-912">
         <name>.text:PowerCC32XX_parkPin</name>
         <load_address>0x20010ca4</load_address>
         <run_address>0x20010ca4</run_address>
         <size>0x4c</size>
         <input_file_ref idref="fl-14"/>
      </object_component>
      <object_component id="oc-5ff">
         <name>.text:atoi</name>
         <load_address>0x20010cf0</load_address>
         <run_address>0x20010cf0</run_address>
         <size>0x4c</size>
         <input_file_ref idref="fl-fc"/>
      </object_component>
      <object_component id="oc-77b">
         <name>.text:restorePeriphClocks</name>
         <load_address>0x20010d3c</load_address>
         <run_address>0x20010d3c</run_address>
         <size>0x4c</size>
         <input_file_ref idref="fl-14"/>
      </object_component>
      <object_component id="oc-328">
         <name>.text:snprintf</name>
         <load_address>0x20010d88</load_address>
         <run_address>0x20010d88</run_address>
         <size>0x4c</size>
         <input_file_ref idref="fl-e0"/>
      </object_component>
      <object_component id="oc-936">
         <name>.text:FlashDisable</name>
         <load_address>0x20010dd4</load_address>
         <run_address>0x20010dd4</run_address>
         <size>0x48</size>
         <input_file_ref idref="fl-2a"/>
      </object_component>
      <object_component id="oc-518">
         <name>.text:GPIO_disableInt</name>
         <load_address>0x20010e1c</load_address>
         <run_address>0x20010e1c</run_address>
         <size>0x48</size>
         <input_file_ref idref="fl-12"/>
      </object_component>
      <object_component id="oc-21a">
         <name>.text:GPIO_enableInt</name>
         <load_address>0x20010e64</load_address>
         <run_address>0x20010e64</run_address>
         <size>0x48</size>
         <input_file_ref idref="fl-12"/>
      </object_component>
      <object_component id="oc-787">
         <name>.text:PRCMLPDSEnter</name>
         <load_address>0x20010eac</load_address>
         <run_address>0x20010eac</run_address>
         <size>0x48</size>
         <input_file_ref idref="fl-26"/>
      </object_component>
      <object_component id="oc-2aa">
         <name>.text:PRCMPeripheralClkEnable</name>
         <load_address>0x20010ef4</load_address>
         <run_address>0x20010ef4</run_address>
         <size>0x48</size>
         <input_file_ref idref="fl-26"/>
      </object_component>
      <object_component id="oc-898">
         <name>.text:Power_releaseConstraint</name>
         <load_address>0x20010f3c</load_address>
         <run_address>0x20010f3c</run_address>
         <size>0x48</size>
         <input_file_ref idref="fl-14"/>
      </object_component>
      <object_component id="oc-202">
         <name>.text:initTimer</name>
         <load_address>0x20010f84</load_address>
         <run_address>0x20010f84</run_address>
         <size>0x48</size>
         <input_file_ref idref="fl-2"/>
      </object_component>
      <object_component id="oc-80e">
         <name>.text</name>
         <load_address>0x20010fcc</load_address>
         <run_address>0x20010fcc</run_address>
         <size>0x48</size>
         <input_file_ref idref="fl-f2"/>
      </object_component>
      <object_component id="oc-a93">
         <name>.text:RingBuf_put</name>
         <load_address>0x20011014</load_address>
         <run_address>0x20011014</run_address>
         <size>0x46</size>
         <input_file_ref idref="fl-19"/>
      </object_component>
      <object_component id="oc-4e6">
         <name>.text:getPrescaler</name>
         <load_address>0x2001105a</load_address>
         <run_address>0x2001105a</run_address>
         <size>0x46</size>
         <input_file_ref idref="fl-16"/>
      </object_component>
      <object_component id="oc-5d6">
         <name>.text:ClockP_stop</name>
         <load_address>0x200110a0</load_address>
         <run_address>0x200110a0</run_address>
         <size>0x44</size>
         <input_file_ref idref="fl-1c"/>
      </object_component>
      <object_component id="oc-920">
         <name>.text:PRCMLPDSRestoreInfoSet</name>
         <load_address>0x200110e4</load_address>
         <run_address>0x200110e4</run_address>
         <size>0x44</size>
         <input_file_ref idref="fl-26"/>
      </object_component>
      <object_component id="oc-770">
         <name>.text:PowerCC32XX_enterLPDS</name>
         <load_address>0x20011128</load_address>
         <run_address>0x20011128</run_address>
         <size>0x44</size>
         <input_file_ref idref="fl-15"/>
      </object_component>
      <object_component id="oc-2fa">
         <name>.text:SemaphoreP_post</name>
         <load_address>0x2001116c</load_address>
         <run_address>0x2001116c</run_address>
         <size>0x44</size>
         <input_file_ref idref="fl-1b"/>
      </object_component>
      <object_component id="oc-59e">
         <name>.text:SwiP_restore</name>
         <load_address>0x200111b0</load_address>
         <run_address>0x200111b0</run_address>
         <size>0x44</size>
         <input_file_ref idref="fl-20"/>
      </object_component>
      <object_component id="oc-362">
         <name>.text:Timer_start</name>
         <load_address>0x200111f4</load_address>
         <run_address>0x200111f4</run_address>
         <size>0x44</size>
         <input_file_ref idref="fl-10"/>
      </object_component>
      <object_component id="oc-315">
         <name>.text:UART_init</name>
         <load_address>0x20011238</load_address>
         <run_address>0x20011238</run_address>
         <size>0x44</size>
         <input_file_ref idref="fl-11"/>
      </object_component>
      <object_component id="oc-179">
         <name>.text:__TI_auto_init_nobinit_nopinit:__TI_auto_init_nobinit_nopinit</name>
         <load_address>0x2001127c</load_address>
         <run_address>0x2001127c</run_address>
         <size>0x44</size>
         <input_file_ref idref="fl-f5"/>
      </object_component>
      <object_component id="oc-a2a">
         <name>.text:ClockP_construct</name>
         <load_address>0x200112c0</load_address>
         <run_address>0x200112c0</run_address>
         <size>0x40</size>
         <input_file_ref idref="fl-1c"/>
      </object_component>
      <object_component id="oc-2c2">
         <name>.text:PinModeSet</name>
         <load_address>0x20011300</load_address>
         <run_address>0x20011300</run_address>
         <size>0x40</size>
         <input_file_ref idref="fl-25"/>
      </object_component>
      <object_component id="oc-9ac">
         <name>.text:RingBuf_get</name>
         <load_address>0x20011340</load_address>
         <run_address>0x20011340</run_address>
         <size>0x40</size>
         <input_file_ref idref="fl-19"/>
      </object_component>
      <object_component id="oc-506">
         <name>.text:TimerSupport_timerEnable</name>
         <load_address>0x20011380</load_address>
         <run_address>0x20011380</run_address>
         <size>0x40</size>
         <input_file_ref idref="fl-16"/>
      </object_component>
      <object_component id="oc-4e0">
         <name>.text:Timer_close</name>
         <load_address>0x200113c0</load_address>
         <run_address>0x200113c0</run_address>
         <size>0x40</size>
         <input_file_ref idref="fl-16"/>
      </object_component>
      <object_component id="oc-7ca">
         <name>.text:UARTCC32XX_read</name>
         <load_address>0x20011400</load_address>
         <run_address>0x20011400</run_address>
         <size>0x40</size>
         <input_file_ref idref="fl-17"/>
      </object_component>
      <object_component id="oc-321">
         <name>.text:UART_open</name>
         <load_address>0x20011440</load_address>
         <run_address>0x20011440</run_address>
         <size>0x40</size>
         <input_file_ref idref="fl-11"/>
      </object_component>
      <object_component id="oc-836">
         <name>.text:_fcpy</name>
         <load_address>0x20011480</load_address>
         <run_address>0x20011480</run_address>
         <size>0x3e</size>
         <input_file_ref idref="fl-ec"/>
      </object_component>
      <object_component id="oc-6d">
         <name>.text:defaultHandler</name>
         <load_address>0x200114be</load_address>
         <run_address>0x200114be</run_address>
         <size>0x2</size>
         <input_file_ref idref="fl-1f"/>
      </object_component>
      <object_component id="oc-424">
         <name>.text:ClockP_destruct</name>
         <load_address>0x200114c0</load_address>
         <run_address>0x200114c0</run_address>
         <size>0x3c</size>
         <input_file_ref idref="fl-1c"/>
      </object_component>
      <object_component id="oc-729">
         <name>.text:Power_setConstraint</name>
         <load_address>0x200114fc</load_address>
         <run_address>0x200114fc</run_address>
         <size>0x3c</size>
         <input_file_ref idref="fl-14"/>
      </object_component>
      <object_component id="oc-1f6">
         <name>.text:initUART</name>
         <load_address>0x20011538</load_address>
         <run_address>0x20011538</run_address>
         <size>0x3c</size>
         <input_file_ref idref="fl-2"/>
      </object_component>
      <object_component id="oc-57c">
         <name>.text:getCountsRTC</name>
         <load_address>0x20011574</load_address>
         <run_address>0x20011574</run_address>
         <size>0x3a</size>
         <input_file_ref idref="fl-1e"/>
      </object_component>
      <object_component id="oc-67">
         <name>.text:faultISR</name>
         <load_address>0x200115ae</load_address>
         <run_address>0x200115ae</run_address>
         <size>0x2</size>
         <input_file_ref idref="fl-1f"/>
      </object_component>
      <object_component id="oc-78d">
         <name>.text:PRCMLPDSEnterKeepDebugIf</name>
         <load_address>0x200115b0</load_address>
         <run_address>0x200115b0</run_address>
         <size>0x38</size>
         <input_file_ref idref="fl-26"/>
      </object_component>
      <object_component id="oc-220">
         <name>.text:TimerISR</name>
         <load_address>0x200115e8</load_address>
         <run_address>0x200115e8</run_address>
         <size>0x38</size>
         <input_file_ref idref="fl-2"/>
      </object_component>
      <object_component id="oc-db">
         <name>.text:addToList</name>
         <load_address>0x20011620</load_address>
         <run_address>0x20011620</run_address>
         <size>0x38</size>
         <input_file_ref idref="fl-1c"/>
      </object_component>
      <object_component id="oc-59">
         <name>.text:initVectors</name>
         <load_address>0x20011658</load_address>
         <run_address>0x20011658</run_address>
         <size>0x38</size>
         <input_file_ref idref="fl-1f"/>
      </object_component>
      <object_component id="oc-75e">
         <name>.text:notify</name>
         <load_address>0x20011690</load_address>
         <run_address>0x20011690</run_address>
         <size>0x38</size>
         <input_file_ref idref="fl-14"/>
      </object_component>
      <object_component id="oc-535">
         <name>.text</name>
         <load_address>0x200116c8</load_address>
         <run_address>0x200116c8</run_address>
         <size>0x38</size>
         <input_file_ref idref="fl-e2"/>
      </object_component>
      <object_component id="oc-52b">
         <name>.text</name>
         <load_address>0x20011700</load_address>
         <run_address>0x20011700</run_address>
         <size>0x38</size>
         <input_file_ref idref="fl-e3"/>
      </object_component>
      <object_component id="oc-70a">
         <name>.text:TimerControlStall</name>
         <load_address>0x20011738</load_address>
         <run_address>0x20011738</run_address>
         <size>0x36</size>
         <input_file_ref idref="fl-27"/>
      </object_component>
      <object_component id="oc-6d8">
         <name>.text:Timer_stop</name>
         <load_address>0x2001176e</load_address>
         <run_address>0x2001176e</run_address>
         <size>0x36</size>
         <input_file_ref idref="fl-10"/>
      </object_component>
      <object_component id="oc-7d6">
         <name>.text:UARTCC32XX_readCancel</name>
         <load_address>0x200117a4</load_address>
         <run_address>0x200117a4</run_address>
         <size>0x36</size>
         <input_file_ref idref="fl-17"/>
      </object_component>
      <object_component id="oc-61">
         <name>.text:nmiISR</name>
         <load_address>0x200117da</load_address>
         <run_address>0x200117da</run_address>
         <size>0x2</size>
         <input_file_ref idref="fl-1f"/>
      </object_component>
      <object_component id="oc-56a">
         <name>.text:ClockP_getTicksUntilInterrupt</name>
         <load_address>0x200117dc</load_address>
         <run_address>0x200117dc</run_address>
         <size>0x34</size>
         <input_file_ref idref="fl-1c"/>
      </object_component>
      <object_component id="oc-74f">
         <name>.text:ClockP_startup</name>
         <load_address>0x20011810</load_address>
         <run_address>0x20011810</run_address>
         <size>0x34</size>
         <input_file_ref idref="fl-1c"/>
      </object_component>
      <object_component id="oc-2bc">
         <name>.text:PinModeGet</name>
         <load_address>0x20011844</load_address>
         <run_address>0x20011844</run_address>
         <size>0x34</size>
         <input_file_ref idref="fl-25"/>
      </object_component>
      <object_component id="oc-950">
         <name>.text:PowerCC32XX_restoreParkState</name>
         <load_address>0x20011878</load_address>
         <run_address>0x20011878</run_address>
         <size>0x34</size>
         <input_file_ref idref="fl-14"/>
      </object_component>
      <object_component id="oc-6f0">
         <name>.text:TimerCC32XX_freeTimerResource</name>
         <load_address>0x200118ac</load_address>
         <run_address>0x200118ac</run_address>
         <size>0x34</size>
         <input_file_ref idref="fl-16"/>
      </object_component>
      <object_component id="oc-4fe">
         <name>.text:TimerCC32XX_hwiIntFunction</name>
         <load_address>0x200118e0</load_address>
         <run_address>0x200118e0</run_address>
         <size>0x34</size>
         <input_file_ref idref="fl-16"/>
      </object_component>
      <object_component id="oc-6cd">
         <name>.text:getPowerMgrId</name>
         <load_address>0x20011914</load_address>
         <run_address>0x20011914</run_address>
         <size>0x34</size>
         <input_file_ref idref="fl-16"/>
      </object_component>
      <object_component id="oc-412">
         <name>.text:ClockP_start</name>
         <load_address>0x20011948</load_address>
         <run_address>0x20011948</run_address>
         <size>0x30</size>
         <input_file_ref idref="fl-1c"/>
      </object_component>
      <object_component id="oc-92f">
         <name>.text:PowerCC32XX_restoreParkedPin</name>
         <load_address>0x20011978</load_address>
         <run_address>0x20011978</run_address>
         <size>0x30</size>
         <input_file_ref idref="fl-14"/>
      </object_component>
      <object_component id="oc-46f">
         <name>.text:_outs</name>
         <load_address>0x200119a8</load_address>
         <run_address>0x200119a8</run_address>
         <size>0x30</size>
         <input_file_ref idref="fl-e0"/>
      </object_component>
      <object_component id="oc-819">
         <name>.text</name>
         <load_address>0x200119d8</load_address>
         <run_address>0x200119d8</run_address>
         <size>0x2e</size>
         <input_file_ref idref="fl-f3"/>
      </object_component>
      <object_component id="oc-758">
         <name>.text</name>
         <load_address>0x20011a06</load_address>
         <run_address>0x20011a06</run_address>
         <size>0x2</size>
         <input_file_ref idref="fl-ed"/>
      </object_component>
      <object_component id="oc-971">
         <name>.text:PowerCC32XX_getParkState</name>
         <load_address>0x20011a08</load_address>
         <run_address>0x20011a08</run_address>
         <size>0x2c</size>
         <input_file_ref idref="fl-14"/>
      </object_component>
      <object_component id="oc-381">
         <name>.text:HwiP_create</name>
         <load_address>0x20011a34</load_address>
         <run_address>0x20011a34</run_address>
         <size>0x2a</size>
         <input_file_ref idref="fl-1d"/>
      </object_component>
      <object_component id="oc-704">
         <name>.text:TimerLoadSet</name>
         <load_address>0x20011a5e</load_address>
         <run_address>0x20011a5e</run_address>
         <size>0x2a</size>
         <input_file_ref idref="fl-27"/>
      </object_component>
      <object_component id="oc-6fe">
         <name>.text:TimerPrescaleSet</name>
         <load_address>0x20011a88</load_address>
         <run_address>0x20011a88</run_address>
         <size>0x2a</size>
         <input_file_ref idref="fl-27"/>
      </object_component>
      <object_component id="oc-689">
         <name>.text:I2CFIFODataPutNonBlocking</name>
         <load_address>0x20011ab2</load_address>
         <run_address>0x20011ab2</run_address>
         <size>0x28</size>
         <input_file_ref idref="fl-23"/>
      </object_component>
      <object_component id="oc-2b6">
         <name>.text:PRCMPeripheralClkDisable</name>
         <load_address>0x20011adc</load_address>
         <run_address>0x20011adc</run_address>
         <size>0x28</size>
         <input_file_ref idref="fl-26"/>
      </object_component>
      <object_component id="oc-2f4">
         <name>.text:Power_registerNotify</name>
         <load_address>0x20011b04</load_address>
         <run_address>0x20011b04</run_address>
         <size>0x28</size>
         <input_file_ref idref="fl-14"/>
      </object_component>
      <object_component id="oc-5ce">
         <name>.text:free_list_insert</name>
         <load_address>0x20011b2c</load_address>
         <run_address>0x20011b2c</run_address>
         <size>0x28</size>
         <input_file_ref idref="fl-ea"/>
      </object_component>
      <object_component id="oc-874">
         <name>.text:I2CFIFODataGetNonBlocking</name>
         <load_address>0x20011b54</load_address>
         <run_address>0x20011b54</run_address>
         <size>0x26</size>
         <input_file_ref idref="fl-23"/>
      </object_component>
      <object_component id="oc-6bc">
         <name>.text:I2C_cancel</name>
         <load_address>0x20011b7a</load_address>
         <run_address>0x20011b7a</run_address>
         <size>0x26</size>
         <input_file_ref idref="fl-f"/>
      </object_component>
      <object_component id="oc-434">
         <name>.text:List_put</name>
         <load_address>0x20011ba0</load_address>
         <run_address>0x20011ba0</run_address>
         <size>0x26</size>
         <input_file_ref idref="fl-18"/>
      </object_component>
      <object_component id="oc-8cb">
         <name>.text:List_remove</name>
         <load_address>0x20011bc6</load_address>
         <run_address>0x20011bc6</run_address>
         <size>0x26</size>
         <input_file_ref idref="fl-18"/>
      </object_component>
      <object_component id="oc-650">
         <name>.text:HwiP_dispatch</name>
         <load_address>0x20011bec</load_address>
         <run_address>0x20011bec</run_address>
         <size>0x24</size>
         <input_file_ref idref="fl-1d"/>
      </object_component>
      <object_component id="oc-96b">
         <name>.text:PowerCC32XX_reset</name>
         <load_address>0x20011c10</load_address>
         <run_address>0x20011c10</run_address>
         <size>0x24</size>
         <input_file_ref idref="fl-14"/>
      </object_component>
      <object_component id="oc-8c4">
         <name>.text:TimerSupport_timerDisable</name>
         <load_address>0x20011c34</load_address>
         <run_address>0x20011c34</run_address>
         <size>0x24</size>
         <input_file_ref idref="fl-16"/>
      </object_component>
      <object_component id="oc-c5">
         <name>.text:_c_int00_noargs:_c_int00_noargs</name>
         <load_address>0x20011c58</load_address>
         <run_address>0x20011c58</run_address>
         <size>0x24</size>
         <input_file_ref idref="fl-eb"/>
      </object_component>
      <object_component id="oc-87c">
         <name>.text:I2CMasterSlaveAddrSet</name>
         <load_address>0x20011c7c</load_address>
         <run_address>0x20011c7c</run_address>
         <size>0x22</size>
         <input_file_ref idref="fl-23"/>
      </object_component>
      <object_component id="oc-8d2">
         <name>.text:HwiP_destruct</name>
         <load_address>0x20011c9e</load_address>
         <run_address>0x20011c9e</run_address>
         <size>0x20</size>
         <input_file_ref idref="fl-1d"/>
      </object_component>
      <object_component id="oc-6de">
         <name>.text:Power_unregisterNotify</name>
         <load_address>0x20011cc0</load_address>
         <run_address>0x20011cc0</run_address>
         <size>0x20</size>
         <input_file_ref idref="fl-14"/>
      </object_component>
      <object_component id="oc-957">
         <name>.text:RingBuf_peek</name>
         <load_address>0x20011ce0</load_address>
         <run_address>0x20011ce0</run_address>
         <size>0x20</size>
         <input_file_ref idref="fl-19"/>
      </object_component>
      <object_component id="oc-965">
         <name>.text:getPowerMgrId</name>
         <load_address>0x20011d00</load_address>
         <run_address>0x20011d00</run_address>
         <size>0x20</size>
         <input_file_ref idref="fl-17"/>
      </object_component>
      <object_component id="oc-665">
         <name>.text:I2CMasterIntStatusEx</name>
         <load_address>0x20011d20</load_address>
         <run_address>0x20011d20</run_address>
         <size>0x1e</size>
         <input_file_ref idref="fl-23"/>
      </object_component>
      <object_component id="oc-49e">
         <name>.text:SemaphoreP_constructBinary</name>
         <load_address>0x20011d3e</load_address>
         <run_address>0x20011d3e</run_address>
         <size>0x1e</size>
         <input_file_ref idref="fl-1b"/>
      </object_component>
      <object_component id="oc-6f8">
         <name>.text:TimerDisable</name>
         <load_address>0x20011d5c</load_address>
         <run_address>0x20011d5c</run_address>
         <size>0x1e</size>
         <input_file_ref idref="fl-27"/>
      </object_component>
      <object_component id="oc-72f">
         <name>.text:TimerEnable</name>
         <load_address>0x20011d7a</load_address>
         <run_address>0x20011d7a</run_address>
         <size>0x1e</size>
         <input_file_ref idref="fl-27"/>
      </object_component>
      <object_component id="oc-214">
         <name>.text:GPIO_setCallback</name>
         <load_address>0x20011d98</load_address>
         <run_address>0x20011d98</run_address>
         <size>0x1c</size>
         <input_file_ref idref="fl-e"/>
      </object_component>
      <object_component id="oc-90c">
         <name>.text:PinToPadGet</name>
         <load_address>0x20011db4</load_address>
         <run_address>0x20011db4</run_address>
         <size>0x1c</size>
         <input_file_ref idref="fl-25"/>
      </object_component>
      <object_component id="oc-55e">
         <name>.text:SwiP_disable</name>
         <load_address>0x20011dd0</load_address>
         <run_address>0x20011dd0</run_address>
         <size>0x1c</size>
         <input_file_ref idref="fl-20"/>
      </object_component>
      <object_component id="oc-5c8">
         <name>.text:free_list_remove</name>
         <load_address>0x20011dec</load_address>
         <run_address>0x20011dec</run_address>
         <size>0x1c</size>
         <input_file_ref idref="fl-ea"/>
      </object_component>
      <object_component id="oc-628">
         <name>.text:memccpy</name>
         <load_address>0x20011e08</load_address>
         <run_address>0x20011e08</run_address>
         <size>0x1c</size>
         <input_file_ref idref="fl-fe"/>
      </object_component>
      <object_component id="oc-97d">
         <name>.text:ClockP_create</name>
         <load_address>0x20011e24</load_address>
         <run_address>0x20011e24</run_address>
         <size>0x1a</size>
         <input_file_ref idref="fl-1c"/>
      </object_component>
      <object_component id="oc-2d6">
         <name>.text:SemaphoreP_createBinary</name>
         <load_address>0x20011e3e</load_address>
         <run_address>0x20011e3e</run_address>
         <size>0x1a</size>
         <input_file_ref idref="fl-1b"/>
      </object_component>
      <object_component id="oc-21">
         <name>.text:resetISR</name>
         <load_address>0x20011e58</load_address>
         <run_address>0x20011e58</run_address>
         <size>0x1a</size>
         <input_file_ref idref="fl-1f"/>
      </object_component>
      <object_component id="oc-8ad">
         <name>.text:I2CMasterBusBusy</name>
         <load_address>0x20011e72</load_address>
         <run_address>0x20011e72</run_address>
         <size>0x18</size>
         <input_file_ref idref="fl-23"/>
      </object_component>
      <object_component id="oc-677">
         <name>.text:I2CMasterIntDisableEx</name>
         <load_address>0x20011e8a</load_address>
         <run_address>0x20011e8a</run_address>
         <size>0x18</size>
         <input_file_ref idref="fl-23"/>
      </object_component>
      <object_component id="oc-88e">
         <name>.text:I2CMasterIntEnableEx</name>
         <load_address>0x20011ea2</load_address>
         <run_address>0x20011ea2</run_address>
         <size>0x18</size>
         <input_file_ref idref="fl-23"/>
      </object_component>
      <object_component id="oc-8a7">
         <name>.text:I2CRxFIFOFlush</name>
         <load_address>0x20011eba</load_address>
         <run_address>0x20011eba</run_address>
         <size>0x18</size>
         <input_file_ref idref="fl-23"/>
      </object_component>
      <object_component id="oc-8a1">
         <name>.text:I2CTxFIFOFlush</name>
         <load_address>0x20011ed2</load_address>
         <run_address>0x20011ed2</run_address>
         <size>0x18</size>
         <input_file_ref idref="fl-23"/>
      </object_component>
      <object_component id="oc-570">
         <name>.text:Power_getTransitionLatency</name>
         <load_address>0x20011eec</load_address>
         <run_address>0x20011eec</run_address>
         <size>0x18</size>
         <input_file_ref idref="fl-14"/>
      </object_component>
      <object_component id="oc-7a1">
         <name>.text:Power_idleFunc</name>
         <load_address>0x20011f04</load_address>
         <run_address>0x20011f04</run_address>
         <size>0x18</size>
         <input_file_ref idref="fl-14"/>
      </object_component>
      <object_component id="oc-a08">
         <name>.text:TimerIntDisable</name>
         <load_address>0x20011f1c</load_address>
         <run_address>0x20011f1c</run_address>
         <size>0x18</size>
         <input_file_ref idref="fl-27"/>
      </object_component>
      <object_component id="oc-723">
         <name>.text:TimerIntEnable</name>
         <load_address>0x20011f34</load_address>
         <run_address>0x20011f34</run_address>
         <size>0x18</size>
         <input_file_ref idref="fl-27"/>
      </object_component>
      <object_component id="oc-9b4">
         <name>.text:UARTBusy</name>
         <load_address>0x20011f4c</load_address>
         <run_address>0x20011f4c</run_address>
         <size>0x18</size>
         <input_file_ref idref="fl-28"/>
      </object_component>
      <object_component id="oc-a6e">
         <name>.text:UARTIntEnable</name>
         <load_address>0x20011f64</load_address>
         <run_address>0x20011f64</run_address>
         <size>0x18</size>
         <input_file_ref idref="fl-28"/>
      </object_component>
      <object_component id="oc-31b">
         <name>.text:UART_Params_init</name>
         <load_address>0x20011f7c</load_address>
         <run_address>0x20011f7c</run_address>
         <size>0x18</size>
         <input_file_ref idref="fl-11"/>
      </object_component>
      <object_component id="oc-475">
         <name>.text:_outc</name>
         <load_address>0x20011f94</load_address>
         <run_address>0x20011f94</run_address>
         <size>0x18</size>
         <input_file_ref idref="fl-e0"/>
      </object_component>
      <object_component id="oc-58d">
         <name>.text</name>
         <load_address>0x20011fac</load_address>
         <run_address>0x20011fac</run_address>
         <size>0x18</size>
         <input_file_ref idref="fl-e4"/>
      </object_component>
      <object_component id="oc-888">
         <name>.text:I2CMasterBurstLengthSet</name>
         <load_address>0x20011fc4</load_address>
         <run_address>0x20011fc4</run_address>
         <size>0x16</size>
         <input_file_ref idref="fl-23"/>
      </object_component>
      <object_component id="oc-2a4">
         <name>.text:PRCMHIBRegRead</name>
         <load_address>0x20011fda</load_address>
         <run_address>0x20011fda</run_address>
         <size>0x16</size>
         <input_file_ref idref="fl-26"/>
      </object_component>
      <object_component id="oc-29e">
         <name>.text:PRCMHIBRegWrite</name>
         <load_address>0x20011ff0</load_address>
         <run_address>0x20011ff0</run_address>
         <size>0x16</size>
         <input_file_ref idref="fl-26"/>
      </object_component>
      <object_component id="oc-3fa">
         <name>.text:SemaphoreP_create</name>
         <load_address>0x20012006</load_address>
         <run_address>0x20012006</run_address>
         <size>0x16</size>
         <input_file_ref idref="fl-1b"/>
      </object_component>
      <object_component id="oc-84a">
         <name>.text:strchr</name>
         <load_address>0x2001201c</load_address>
         <run_address>0x2001201c</run_address>
         <size>0x16</size>
         <input_file_ref idref="fl-ff"/>
      </object_component>
      <object_component id="oc-15a">
         <name>.text:Board_init</name>
         <load_address>0x20012032</load_address>
         <run_address>0x20012032</run_address>
         <size>0x14</size>
         <input_file_ref idref="fl-3"/>
      </object_component>
      <object_component id="oc-a3">
         <name>.text:CPUcpsid</name>
         <load_address>0x20012046</load_address>
         <run_address>0x20012046</run_address>
         <size>0x14</size>
         <input_file_ref idref="fl-22"/>
      </object_component>
      <object_component id="oc-43b">
         <name>.text:HwiP_inISR</name>
         <load_address>0x2001205c</load_address>
         <run_address>0x2001205c</run_address>
         <size>0x14</size>
         <input_file_ref idref="fl-1d"/>
      </object_component>
      <object_component id="oc-8b5">
         <name>.text:I2CSupport_masterFinish</name>
         <load_address>0x20012070</load_address>
         <run_address>0x20012070</run_address>
         <size>0x14</size>
         <input_file_ref idref="fl-13"/>
      </object_component>
      <object_component id="oc-346">
         <name>.text:I2C_transfer</name>
         <load_address>0x20012084</load_address>
         <run_address>0x20012084</run_address>
         <size>0x14</size>
         <input_file_ref idref="fl-f"/>
      </object_component>
      <object_component id="oc-af">
         <name>.text:IntVTableBaseSet</name>
         <load_address>0x20012098</load_address>
         <run_address>0x20012098</run_address>
         <size>0x14</size>
         <input_file_ref idref="fl-24"/>
      </object_component>
      <object_component id="oc-441">
         <name>.text:Power_disablePolicy</name>
         <load_address>0x200120ac</load_address>
         <run_address>0x200120ac</run_address>
         <size>0x14</size>
         <input_file_ref idref="fl-14"/>
      </object_component>
      <object_component id="oc-928">
         <name>.text:Power_getDependencyCount</name>
         <load_address>0x200120c0</load_address>
         <run_address>0x200120c0</run_address>
         <size>0x14</size>
         <input_file_ref idref="fl-14"/>
      </object_component>
      <object_component id="oc-a68">
         <name>.text:releasePowerConstraint</name>
         <load_address>0x200120d4</load_address>
         <run_address>0x200120d4</run_address>
         <size>0x14</size>
         <input_file_ref idref="fl-17"/>
      </object_component>
      <object_component id="oc-5f9">
         <name>.text:strlen</name>
         <load_address>0x200120e8</load_address>
         <run_address>0x200120e8</run_address>
         <size>0x14</size>
         <input_file_ref idref="fl-100"/>
      </object_component>
      <object_component id="oc-37b">
         <name>.text:HwiP_Params_init</name>
         <load_address>0x200120fc</load_address>
         <run_address>0x200120fc</run_address>
         <size>0x12</size>
         <input_file_ref idref="fl-1d"/>
      </object_component>
      <object_component id="oc-66b">
         <name>.text:I2CMasterIntClearEx</name>
         <load_address>0x2001210e</load_address>
         <run_address>0x2001210e</run_address>
         <size>0x12</size>
         <input_file_ref idref="fl-23"/>
      </object_component>
      <object_component id="oc-95f">
         <name>.text:RingBuf_construct</name>
         <load_address>0x20012120</load_address>
         <run_address>0x20012120</run_address>
         <size>0x12</size>
         <input_file_ref idref="fl-19"/>
      </object_component>
      <object_component id="oc-71a">
         <name>.text:TimerIntClear</name>
         <load_address>0x20012132</load_address>
         <run_address>0x20012132</run_address>
         <size>0x12</size>
         <input_file_ref idref="fl-27"/>
      </object_component>
      <object_component id="oc-11f">
         <name>.text:main</name>
         <load_address>0x20012144</load_address>
         <run_address>0x20012144</run_address>
         <size>0x12</size>
         <input_file_ref idref="fl-4"/>
      </object_component>
[...]
      </symbol>
      <symbol id="sm-ae5">
         <name>HwiP_disableInterrupt</name>
         <value>0x20012275</value>
         <object_component_ref idref="oc-6aa"/>
      </symbol>
      <symbol id="sm-b15">
         <name>PowerCC32XX_initPolicy</name>
         <value>0x2000eaab</value>
         <object_component_ref idref="oc-3e3"/>
      </symbol>
      <symbol id="sm-b16">
         <name>PowerCC32XX_sleepPolicy</name>
         <value>0x2000d8f9</value>
         <object_component_ref idref="oc-3e9"/>
      </symbol>
      <symbol id="sm-b66">
         <name>resetISR</name>
         <value>0x20011e59</value>
         <object_component_ref idref="oc-21"/>
      </symbol>
      <symbol id="sm-b67">
         <name>resetVectorAddr</name>
         <value>0x20011e6c</value>
         <object_component_ref idref="oc-21"/>
      </symbol>
      <symbol id="sm-b68">
         <name>initVectors</name>
         <value>0x20011659</value>
         <object_component_ref idref="oc-59"/>
      </symbol>
      <symbol id="sm-b69">
         <name>resetVectors</name>
         <value>0x20004000</value>
         <object_component_ref idref="oc-27"/>
      </symbol>
      <symbol id="sm-b99">
         <name>SwiP_disable</name>
         <value>0x20011dd1</value>
         <object_component_ref idref="oc-55e"/>
      </symbol>
      <symbol id="sm-b9a">
         <name>SwiP_restore</name>
         <value>0x200111b1</value>
         <object_component_ref idref="oc-59e"/>
      </symbol>
      <symbol id="sm-ba5">
         <name>CPUcpsid</name>
         <value>0x20012047</value>
         <object_component_ref idref="oc-a3"/>
      </symbol>
      <symbol id="sm-c12">
         <name>I2CRxFIFOFlush</name>
         <value>0x20011ebb</value>
         <object_component_ref idref="oc-8a7"/>
      </symbol>
      <symbol id="sm-c13">
         <name>I2CTxFIFOFlush</name>
         <value>0x20011ed3</value>
         <object_component_ref idref="oc-8a1"/>
      </symbol>
      <symbol id="sm-c14">
         <name>I2CFIFODataPutNonBlocking</name>
         <value>0x20011ab3</value>
         <object_component_ref idref="oc-689"/>
      </symbol>
      <symbol id="sm-c15">
         <name>I2CMasterBusBusy</name>
         <value>0x20011e73</value>
         <object_component_ref idref="oc-8ad"/>
      </symbol>
      <symbol id="sm-c16">
         <name>I2CMasterIntDisableEx</name>
         <value>0x20011e8b</value>
         <object_component_ref idref="oc-677"/>
      </symbol>
      <symbol id="sm-c17">
         <name>I2CMasterBurstLengthSet</name>
         <value>0x20011fc5</value>
         <object_component_ref idref="oc-888"/>
      </symbol>
      <symbol id="sm-c18">
         <name>I2CMasterIntClearEx</name>
         <value>0x2001210f</value>
         <object_component_ref idref="oc-66b"/>
      </symbol>
      <symbol id="sm-c19">
         <name>I2CMasterSlaveAddrSet</name>
         <value>0x20011c7d</value>
         <object_component_ref idref="oc-87c"/>
      </symbol>
      <symbol id="sm-c1a">
         <name>I2CMasterIntEnableEx</name>
         <value>0x20011ea3</value>
         <object_component_ref idref="oc-88e"/>
      </symbol>
      <symbol id="sm-c1b">
         <name>I2CFIFOStatus</name>
         <value>0x200121d9</value>
         <object_component_ref idref="oc-68f"/>
      </symbol>
      <symbol id="sm-c1c">
         <name>I2CMasterIntStatusEx</name>
         <value>0x20011d21</value>
         <object_component_ref idref="oc-665"/>
      </symbol>
      <symbol id="sm-c1d">
         <name>I2CFIFODataGetNonBlocking</name>
         <value>0x20011b55</value>
         <object_component_ref idref="oc-874"/>
      </symbol>
      <symbol id="sm-c62">
         <name>IntVTableBaseSet</name>
         <value>0x20012099</value>
         <object_component_ref idref="oc-af"/>
      </symbol>
      <symbol id="sm-c63">
         <name>IntEnable</name>
         <value>0x2000f535</value>
         <object_component_ref idref="oc-b5"/>
      </symbol>
      <symbol id="sm-c64">
         <name>IntMasterDisable</name>
         <value>0x20012331</value>
         <object_component_ref idref="oc-53"/>
      </symbol>
      <symbol id="sm-c65">
         <name>IntPendSet</name>
         <value>0x2000fbe5</value>
         <object_component_ref idref="oc-93e"/>
      </symbol>
      <symbol id="sm-c9f">
         <name>PinModeGet</name>
         <value>0x20011845</value>
         <object_component_ref idref="oc-2bc"/>
      </symbol>
      <symbol id="sm-ca0">
         <name>PinConfigSet</name>
         <value>0x2000fc6d</value>
         <object_component_ref idref="oc-36f"/>
      </symbol>
      <symbol id="sm-ca1">
         <name>PinModeSet</name>
         <value>0x20011301</value>
         <object_component_ref idref="oc-2c2"/>
      </symbol>
      <symbol id="sm-ca2">
         <name>PinToPadGet</name>
         <value>0x20011db5</value>
         <object_component_ref idref="oc-90c"/>
      </symbol>
      <symbol id="sm-d6b">
         <name>PRCMLPDSRestoreInfoSet</name>
         <value>0x200110e5</value>
         <object_component_ref idref="oc-920"/>
      </symbol>
      <symbol id="sm-d6c">
         <name>PRCMPeripheralReset</name>
         <value>0x2001086d</value>
         <object_component_ref idref="oc-2b0"/>
      </symbol>
      <symbol id="sm-d6d">
         <name>PRCMLPDSEnter</name>
         <value>0x20010ead</value>
         <object_component_ref idref="oc-787"/>
      </symbol>
      <symbol id="sm-d6e">
         <name>PRCMPeripheralClkEnable</name>
         <value>0x20010ef5</value>
         <object_component_ref idref="oc-2aa"/>
      </symbol>
      <symbol id="sm-d6f">
         <name>PRCMLPDSEnterKeepDebugIf</name>
         <value>0x200115b1</value>
         <object_component_ref idref="oc-78d"/>
      </symbol>
      <symbol id="sm-d70">
         <name>PRCMCC3200MCUInit</name>
         <value>0x2000ca91</value>
         <object_component_ref idref="oc-1dc"/>
      </symbol>
      <symbol id="sm-d71">
         <name>PRCMHIBRegWrite</name>
         <value>0x20011ff1</value>
         <object_component_ref idref="oc-29e"/>
      </symbol>
      <symbol id="sm-d72">
         <name>PRCMSysResetCauseGet</name>
         <value>0x200106f9</value>
         <object_component_ref idref="oc-297"/>
      </symbol>
      <symbol id="sm-d73">
         <name>PRCMPeripheralClkDisable</name>
         <value>0x20011add</value>
         <object_component_ref idref="oc-2b6"/>
      </symbol>
      <symbol id="sm-d74">
         <name>PRCMHIBRegRead</name>
         <value>0x20011fdb</value>
         <object_component_ref idref="oc-2a4"/>
      </symbol>
      <symbol id="sm-dbc">
         <name>TimerLoadSet</name>
         <value>0x20011a5f</value>
         <object_component_ref idref="oc-704"/>
      </symbol>
      <symbol id="sm-dbd">
         <name>TimerDisable</name>
         <value>0x20011d5d</value>
         <object_component_ref idref="oc-6f8"/>
      </symbol>
      <symbol id="sm-dbe">
         <name>TimerEnable</name>
         <value>0x20011d7b</value>
         <object_component_ref idref="oc-72f"/>
      </symbol>
      <symbol id="sm-dbf">
         <name>TimerIntDisable</name>
         <value>0x20011f1d</value>
         <object_component_ref idref="oc-a08"/>
      </symbol>
      <symbol id="sm-dc0">
         <name>TimerPrescaleSet</name>
         <value>0x20011a89</value>
         <object_component_ref idref="oc-6fe"/>
      </symbol>
      <symbol id="sm-dc1">
         <name>TimerControlStall</name>
         <value>0x20011739</value>
         <object_component_ref idref="oc-70a"/>
      </symbol>
      <symbol id="sm-dc2">
         <name>TimerIntEnable</name>
         <value>0x20011f35</value>
         <object_component_ref idref="oc-723"/>
      </symbol>
      <symbol id="sm-dc3">
         <name>TimerIntClear</name>
         <value>0x20012133</value>
         <object_component_ref idref="oc-71a"/>
      </symbol>
      <symbol id="sm-dd7">
         <name>UARTBusy</name>
         <value>0x20011f4d</value>
         <object_component_ref idref="oc-9b4"/>
      </symbol>
      <symbol id="sm-dd8">
         <name>UARTIntEnable</name>
         <value>0x20011f65</value>
         <object_component_ref idref="oc-a6e"/>
      </symbol>
      <symbol id="sm-ddc">
         <name>UtilsDelay</name>
         <value>0x20012385</value>
         <object_component_ref idref="oc-29d"/>
      </symbol>
      <symbol id="sm-dec">
         <name>FlashDisable</name>
         <value>0x20010dd5</value>
         <object_component_ref idref="oc-936"/>
      </symbol>
      <symbol id="sm-e1b">
         <name>snprintf</name>
         <value>0x20010d89</value>
         <object_component_ref idref="oc-328"/>
      </symbol>
      <symbol id="sm-e25">
         <name>__aeabi_fmul</name>
         <value>0x200100ff</value>
         <object_component_ref idref="oc-530"/>
      </symbol>
      <symbol id="sm-e2f">
         <name>__aeabi_f2iz</name>
         <value>0x200116c9</value>
         <object_component_ref idref="oc-535"/>
      </symbol>
      <symbol id="sm-e3a">
         <name>__aeabi_i2f</name>
         <value>0x20011701</value>
         <object_component_ref idref="oc-52b"/>
      </symbol>
      <symbol id="sm-e43">
         <name>__aeabi_lmul</name>
         <value>0x20011fad</value>
         <object_component_ref idref="oc-58d"/>
      </symbol>
      <symbol id="sm-e5e">
         <name>memcpy</name>
         <value>0x2000f905</value>
         <object_component_ref idref="oc-3b"/>
      </symbol>
      <symbol id="sm-e5f">
         <name>__aeabi_memcpy</name>
         <value>0x2000f905</value>
         <object_component_ref idref="oc-3b"/>
      </symbol>
      <symbol id="sm-e60">
         <name>__aeabi_memcpy8</name>
         <value>0x2000f905</value>
         <object_component_ref idref="oc-3b"/>
      </symbol>
      <symbol id="sm-e61">
         <name>__aeabi_memcpy4</name>
         <value>0x2000f905</value>
         <object_component_ref idref="oc-3b"/>
      </symbol>
      <symbol id="sm-e6e">
         <name>__aeabi_uldivmod</name>
         <value>0x2000f9a1</value>
         <object_component_ref idref="oc-582"/>
      </symbol>
      <symbol id="sm-e80">
         <name>__TI_zero_init</name>
         <value>0x200122ed</value>
         <object_component_ref idref="oc-4d"/>
      </symbol>
      <symbol id="sm-e97">
         <name>__TI_decompress_none</name>
         <value>0x200122bb</value>
         <object_component_ref idref="oc-1a"/>
      </symbol>
      <symbol id="sm-eba">
         <name>__TI_decompress_lzss</name>
         <value>0x2001049d</value>
         <object_component_ref idref="oc-14"/>
      </symbol>
      <symbol id="sm-f43">
         <name>_sys_memory</name>
         <value>0x20004040</value>
         <object_component_ref idref="oc-2a"/>
      </symbol>
      <symbol id="sm-f44">
         <name>free</name>
         <value>0x2000eb99</value>
         <object_component_ref idref="oc-405"/>
      </symbol>
      <symbol id="sm-f45">
         <name>memalign</name>
         <value>0x2000e6c1</value>
         <object_component_ref idref="oc-736"/>
      </symbol>
      <symbol id="sm-f46">
         <name>malloc</name>
         <value>0x20012361</value>
         <object_component_ref idref="oc-511"/>
      </symbol>
      <symbol id="sm-f47">
         <name>aligned_alloc</name>
         <value>0x2000e6c1</value>
         <object_component_ref idref="oc-736"/>
      </symbol>
      <symbol id="sm-f59">
         <name>__stack</name>
         <value>0x20003000</value>
         <object_component_ref idref="oc-2d"/>
      </symbol>
      <symbol id="sm-f5a">
         <name>_c_int00_noargs</name>
         <value>0x20011c59</value>
         <object_component_ref idref="oc-c5"/>
      </symbol>
      <symbol id="sm-10bf">
         <name>__TI_printfi</name>
         <value>0x2000c041</value>
         <object_component_ref idref="oc-469"/>
      </symbol>
      <symbol id="sm-10c9">
         <name>__aeabi_idiv0</name>
         <value>0x20011a07</value>
         <object_component_ref idref="oc-758"/>
      </symbol>
      <symbol id="sm-10ca">
         <name>__aeabi_ldiv0</name>
         <value>0x20011a07</value>
         <object_component_ref idref="oc-758"/>
      </symbol>
      <symbol id="sm-10e1">
         <name>__aeabi_dsub</name>
         <value>0x2000d741</value>
         <object_component_ref idref="oc-81e"/>
      </symbol>
      <symbol id="sm-10e2">
         <name>__aeabi_dadd</name>
         <value>0x2000d74b</value>
         <object_component_ref idref="oc-81e"/>
      </symbol>
      <symbol id="sm-1104">
         <name>__aeabi_cdcmpeq</name>
         <value>0x2000fcf5</value>
         <object_component_ref idref="oc-60b"/>
      </symbol>
      <symbol id="sm-1105">
         <name>__aeabi_cdcmple</name>
         <value>0x2000fcf5</value>
         <object_component_ref idref="oc-60b"/>
      </symbol>
      <symbol id="sm-1106">
         <name>__aeabi_cdrcmple</name>
         <value>0x2000fd7b</value>
         <object_component_ref idref="oc-809"/>
      </symbol>
      <symbol id="sm-111a">
         <name>__aeabi_ddiv</name>
         <value>0x2000e229</value>
         <object_component_ref idref="oc-804"/>
      </symbol>
      <symbol id="sm-1125">
         <name>__aeabi_dmul</name>
         <value>0x2000e8bd</value>
         <object_component_ref idref="oc-7ff"/>
      </symbol>
      <symbol id="sm-112f">
         <name>__aeabi_d2iz</name>
         <value>0x20010fcd</value>
         <object_component_ref idref="oc-80e"/>
      </symbol>
      <symbol id="sm-1139">
         <name>__aeabi_i2d</name>
         <value>0x200119d9</value>
         <object_component_ref idref="oc-819"/>
      </symbol>
      <symbol id="sm-1148">
         <name>__aeabi_memset</name>
         <value>0x2001017b</value>
         <object_component_ref idref="oc-9d"/>
      </symbol>
      <symbol id="sm-1149">
         <name>memset</name>
         <value>0x20010181</value>
         <object_component_ref idref="oc-9d"/>
      </symbol>
      <symbol id="sm-114a">
         <name>__aeabi_memset8</name>
         <value>0x2001017b</value>
         <object_component_ref idref="oc-9d"/>
      </symbol>
      <symbol id="sm-114b">
         <name>__aeabi_memset4</name>
         <value>0x2001017b</value>
         <object_component_ref idref="oc-9d"/>
      </symbol>
      <symbol id="sm-114c">
         <name>__aeabi_memclr8</name>
         <value>0x20010179</value>
         <object_component_ref idref="oc-9d"/>
      </symbol>
      <symbol id="sm-114d">
         <name>__aeabi_memclr4</name>
         <value>0x20010179</value>
         <object_component_ref idref="oc-9d"/>
      </symbol>
      <symbol id="sm-114e">
         <name>__aeabi_memclr</name>
         <value>0x20010179</value>
         <object_component_ref idref="oc-9d"/>
      </symbol>
      <symbol id="sm-1176">
         <name>__TI_auto_init_nobinit_nopinit</name>
         <value>0x2001127d</value>
         <object_component_ref idref="oc-179"/>
      </symbol>
      <symbol id="sm-1180">
         <name>_system_pre_init</name>
         <value>0x2001239b</value>
         <object_component_ref idref="oc-119"/>
      </symbol>
      <symbol id="sm-118c">
         <name>C$$EXIT</name>
         <value>0x2001239f</value>
         <object_component_ref idref="oc-16d"/>
      </symbol>
      <symbol id="sm-118d">
         <name>abort</name>
         <value>0x2001239f</value>
         <object_component_ref idref="oc-16d"/>
      </symbol>
      <symbol id="sm-11a2">
         <name>_nop</name>
         <value>0x200102df</value>
         <object_component_ref idref="oc-3b0"/>
      </symbol>
      <symbol id="sm-11a3">
         <name>_lock</name>
         <value>0x20012a48</value>
         <object_component_ref idref="oc-24f"/>
      </symbol>
      <symbol id="sm-11a4">
         <name>_unlock</name>
         <value>0x20012a4c</value>
         <object_component_ref idref="oc-24f"/>
      </symbol>
      <symbol id="sm-11b3">
         <name>__TI_ltoa</name>
         <value>0x200109cb</value>
         <object_component_ref idref="oc-813"/>
      </symbol>
      <symbol id="sm-11ca">
         <name>atoi</name>
         <value>0x20010cf1</value>
         <object_component_ref idref="oc-5ff"/>
      </symbol>
      <symbol id="sm-11d5">
         <name>_ctypes_</name>
         <value>0x20012a80</value>
         <object_component_ref idref="oc-7f8"/>
      </symbol>
      <symbol id="sm-11e5">
         <name>memccpy</name>
         <value>0x20011e09</value>
         <object_component_ref idref="oc-628"/>
      </symbol>
      <symbol id="sm-11f5">
         <name>strchr</name>
         <value>0x2001201d</value>
         <object_component_ref idref="oc-84a"/>
      </symbol>
      <symbol id="sm-1203">
         <name>strlen</name>
         <value>0x200120e9</value>
         <object_component_ref idref="oc-5f9"/>
      </symbol>
      <symbol id="sm-1219">
         <name>__aeabi_errno_addr</name>
         <value>0x20012359</value>
         <object_component_ref idref="oc-634"/>
      </symbol>
      <symbol id="sm-121a">
         <name>errno</name>
         <value>0x20012a78</value>
         <object_component_ref idref="oc-85a"/>
      </symbol>
      <symbol id="sm-1233">
         <name>wcslen</name>
         <value>0x20012157</value>
         <object_component_ref idref="oc-62e"/>
      </symbol>
      <symbol id="sm-1253">
         <name>frexpl</name>
         <value>0x200107b5</value>
         <object_component_ref idref="oc-83e"/>
      </symbol>
      <symbol id="sm-1254">
         <name>frexp</name>
         <value>0x200107b5</value>
         <object_component_ref idref="oc-83e"/>
      </symbol>
      <symbol id="sm-1272">
         <name>scalbn</name>
         <value>0x2000ec7d</value>
         <object_component_ref idref="oc-844"/>
      </symbol>
      <symbol id="sm-1273">
         <name>scalbnl</name>
         <value>0x2000ec7d</value>
         <object_component_ref idref="oc-844"/>
      </symbol>
      <symbol id="sm-1274">
         <name>ldexpl</name>
         <value>0x2000ec7d</value>
         <object_component_ref idref="oc-844"/>
      </symbol>
      <symbol id="sm-1275">
         <name>ldexp</name>
         <value>0x2000ec7d</value>
         <object_component_ref idref="oc-844"/>
      </symbol>
      <symbol id="sm-127f">
         <name>copysign</name>
         <value>0x200122e1</value>
         <object_component_ref idref="oc-9e1"/>
      </symbol>
      <symbol id="sm-1280">
         <name>copysignl</name>
         <value>0x200122e1</value>
         <object_component_ref idref="oc-9e1"/>
      </symbol>
      <symbol id="sm-1281">
         <name>__TI_static_base__</name>
         <value>0x200133f8</value>
      </symbol>
      <symbol id="sm-1284">
         <name>ITM_flush</name>
         <value>0x0</value>
      </symbol>
      <symbol id="sm-1285">
         <name>ITM_restore</name>
         <value>0x0</value>
      </symbol>
      <symbol id="sm-1286">
         <name>__mpu_init</name>
         <value>0x0</value>
      </symbol>
      <symbol id="sm-1287">
         <name>_system_post_cinit</name>
         <value>0x0</value>
      </symbol>
      <symbol id="sm-1288">
         <name>NoRTOS_start</name>
         <value>0x20012283</value>
      </symbol>
   </symbol_table>
   <title>Link successful</title>
</link_info>
